<area shape="rect" href="$structApp__Config__.html" title="{App_Config_\n|+ app_type_\l+ traffic_\l|}" alt="" coords="403,677,507,779">
<area shape="rect" href="$structTraffic__.html" title="{Traffic_\n|+ transport_protocol_\l+ packet_size_\l+ inter_arrival_time_\l|}" alt="" coords="371,413,539,531">
<area shape="rect" href="$structInter__Arrival__Time__.html" title="{Inter_Arrival_Time_\n|+ selected_option_\l+ fixed_\l+ uniform_\l+ poisson_\l|}" alt="" coords="155,183,307,319">
<area shape="rect" href="$structPoisson__.html" title="{Poisson_\n|+ expected_inter_arrival_time_\l|}" alt="" coords="5,15,237,97">
<area shape="rect" href="$structUniform__.html" title="{Uniform_\n|+ min_value_\l+ max_value_\l|}" alt="" coords="261,5,376,107">
<area shape="rect" href="$structPacket__Size__.html" title="{Packet_Size_\n|+ selected_option_\l+ fixed_\l+ uniform_\l|}" alt="" coords="331,192,483,309">
<area shape="rect" href="$structFixed__.html" title="{Fixed_\n|+ fixed_value_\l|}" alt="" coords="409,15,527,97">
<area shape="rect" href="$structTransport__Protocol__.html" title="{Transport_Protocol_\n|+ selected_option_\l+ udp_\l+ tcp_\l|}" alt="" coords="507,192,659,309">
<area shape="rect" href="$structApp__Type__.html" title="{App_Type_\n|+ selected_option_\l+ cbr_\l+ gaming_\l+ m2m_\l|}" alt="" coords="195,404,347,540">
<area shape="rect" href="$structEnvi__Config__.html" title="{Envi_Config_\n|+ area_\l+ geography_\l+ topography_\l+ fading_\l+ wall_penetration_loss_\l+ noise_power_\l|}" alt="" coords="921,643,1108,813">
<area shape="rect" href="$structFading__.html" title="{Fading_\n|+ free_space_propagation_\l+ small_scale_\l|}" alt="" coords="712,421,915,523">
<area shape="rect" href="$structSmall__Scale__.html" title="{Small_Scale_\n|+ selected_option_\l+ rayleigh_\l+ rician_\l|}" alt="" coords="900,192,1052,309">
<area shape="rect" href="$structRician__.html" title="{Rician_\n|+ delay_spread_\l|}" alt="" coords="988,15,1119,97">
<area shape="rect" href="$structRayleigh__.html" title="{Rayleigh_\n|+ delay_spread_\l|}" alt="" coords="833,15,964,97">
<area shape="rect" href="$structFree__Space__Propagation__.html" title="{Free_Space_Propagation_\n|+ pathloss_exponent_\l+ pathloss_0_\l|}" alt="" coords="683,200,875,301">
<area shape="rect" href="$structGeography__.html" title="{Geography_\n|+ selected_option_\l+ home_\l+ urban_\l+ rural_\l|}" alt="" coords="939,404,1091,540">
<area shape="rect" href="$structTopography__.html" title="{Topography_\n|+ selected_option_\l+ flat_\l+ obstructed_\l+ hilly_\l|}" alt="" coords="1115,404,1267,540">
<area shape="rect" href="$structArea__.html" title="{Area_\n|+ x_\l+ y_\l|}" alt="" coords="629,421,688,523">
<area shape="rect" href="$structEmu__Config__.html" title="{Emu_Config_\n|+ emu_time_\l+ performance_\l|}" alt="" coords="1195,677,1323,779">
<area shape="rect" href="$structPerformance__.html" title="{Performance_\n|+ metric_\l+ layer_\l+ log_emu_\l+ packet_trace_\l|}" alt="" coords="1291,404,1424,540">
<area shape="rect" href="$structLog__Emu__.html" title="{Log_Emu_\n|+ debug_\l+ info_\l+ warning_\l+ error_\l|}" alt="" coords="1175,183,1268,319">
<area shape="rect" href="$structMetric__.html" title="{Metric_\n|+ throughput_\l+ latency_\l+ signalling_overhead_\l|}" alt="" coords="1292,192,1463,309">
<area shape="rect" href="$structPacket__Trace__.html" title="{Packet_Trace_\n|+ mac_\l|}" alt="" coords="1487,209,1604,292">
<area shape="rect" href="$structLayer__.html" title="{Layer_\n|+ mac_\l+ rlc_\l+ pdcp_\l|}" alt="" coords="1076,192,1151,309">
<area shape="rect" href="$structTopo__Config__.html" title="{Topo_Config_\n|+ net_type_\l+ cell_type_\l+ relay_\l+ eNB_topology_\l+ inter_eNB_distance_\l+ UE_distribution_\l+ system_bandwidth_\l+ UE_frequency_\l+ mobility_\l|}" alt="" coords="1877,617,2053,839">
<area shape="rect" href="$structeNB__Topology__.html" title="{eNB_Topology_\n|+ selected_option_\l+ grid_\l+ hexagonal_\l+ totally_random_\l|}" alt="" coords="2069,404,2221,540">
<area shape="rect" href="$structGrid__.html" title="{Grid_\n|+ x_\l+ y_\l|}" alt="" coords="1993,200,2047,301">
<area shape="rect" href="$structHexagonal__.html" title="{Hexagonal_\n|+ number_of_cells_\l|}" alt="" coords="2071,209,2220,292">
<area shape="rect" href="$structTotally__Random__.html" title="{Totally_Random_\n|+ number_of_eNB_\l|}" alt="" coords="2244,209,2393,292">
<area shape="rect" href="$structCell__Type__.html" title="{Cell_Type_\n|+ selected_option_\l+ macrocell_\l+ microcell_\l+ picocell_\l+ femtocell_\l|}" alt="" coords="2245,396,2397,548">
<area shape="rect" href="$structUE__Distribution__.html" title="{UE_Distribution_\n|+ selected_option_\l+ totally_random_\l+ concentrated_\l+ grid_map_\l|}" alt="" coords="2547,404,2699,540">
<area shape="rect" href="$structGrid__Map__.html" title="{Grid_Map_\n|+ number_of_UE_\l+ inter_block_distance_\l|}" alt="" coords="2417,200,2596,301">
<area shape="rect" href="$structConcentrated__.html" title="{Concentrated_\n|+ number_of_UE_\l|}" alt="" coords="2620,209,2759,292">
<area shape="rect" href="$structTotally__Random__UE__.html" title="{Totally_Random_UE_\n|+ number_of_UE_\l|}" alt="" coords="2783,209,2940,292">
<area shape="rect" href="$structNet__Type__.html" title="{Net_Type_\n|+ selected_option_\l+ homogeneous_\l+ heterogeneous_\l|}" alt="" coords="1525,413,1677,531">
<area shape="rect" href="$structMobility__.html" title="{Mobility_\n|+ mobility_type_\l+ moving_dynamics_\l|}" alt="" coords="1701,421,1861,523">
<area shape="rect" href="$structMobility__Type__.html" title="{Mobility_Type_\n|+ selected_option_\l+ fixed_\l+ random_waypoint_\l+ random_walk_\l+ grid_walk_\l|}" alt="" coords="1809,175,1969,327">
<area shape="rect" href="$structMoving__Dynamics__.html" title="{Moving_Dynamics_\n|+ min_speed_\l+ max_speed_\l+ min_pause_time_\l+ max_pause_time_\l|}" alt="" coords="1628,183,1785,319">
<area shape="rect" href="$structRelay__.html" title="{Relay_\n|+ number_of_relays_\l|}" alt="" coords="1885,431,2045,513">
