<area shape="rect" href="$structeNB__Topology__.html" title="{eNB_Topology_\n|+ selected_option_\l+ grid_\l+ hexagonal_\l+ totally_random_\l|}" alt="" coords="168,236,320,372">
<area shape="rect" href="$structGrid__.html" title="{Grid_\n|+ x_\l+ y_\l|}" alt="" coords="5,32,59,133">
<area shape="rect" href="$structHexagonal__.html" title="{Hexagonal_\n|+ number_of_cells_\l|}" alt="" coords="83,41,232,124">
<area shape="rect" href="$structTotally__Random__.html" title="{Totally_Random_\n|+ number_of_eNB_\l|}" alt="" coords="256,41,405,124">
<area shape="rect" href="$structCell__Type__.html" title="{Cell_Type_\n|+ selected_option_\l+ macrocell_\l+ microcell_\l+ picocell_\l+ femtocell_\l|}" alt="" coords="448,228,600,380">
<area shape="rect" href="$structUE__Distribution__.html" title="{UE_Distribution_\n|+ selected_option_\l+ totally_random_\l+ concentrated_\l+ grid_map_\l|}" alt="" coords="624,236,776,372">
<area shape="rect" href="$structGrid__Map__.html" title="{Grid_Map_\n|+ number_of_UE_\l+ inter_block_distance_\l|}" alt="" coords="429,32,608,133">
<area shape="rect" href="$structConcentrated__.html" title="{Concentrated_\n|+ number_of_UE_\l|}" alt="" coords="632,41,771,124">
<area shape="rect" href="$structTotally__Random__UE__.html" title="{Totally_Random_UE_\n|+ number_of_UE_\l|}" alt="" coords="795,41,952,124">
<area shape="rect" href="$structNet__Type__.html" title="{Net_Type_\n|+ selected_option_\l+ homogeneous_\l+ heterogeneous_\l|}" alt="" coords="800,245,952,363">
<area shape="rect" href="$structMobility__.html" title="{Mobility_\n|+ mobility_type_\l+ moving_dynamics_\l|}" alt="" coords="976,253,1136,355">
<area shape="rect" href="$structMobility__Type__.html" title="{Mobility_Type_\n|+ selected_option_\l+ fixed_\l+ random_waypoint_\l+ random_walk_\l+ grid_walk_\l|}" alt="" coords="976,7,1136,159">
<area shape="rect" href="$structMoving__Dynamics__.html" title="{Moving_Dynamics_\n|+ min_speed_\l+ max_speed_\l+ min_pause_time_\l+ max_pause_time_\l|}" alt="" coords="1160,15,1317,151">
<area shape="rect" href="$structRelay__.html" title="{Relay_\n|+ number_of_relays_\l|}" alt="" coords="1160,263,1320,345">
